mode: set
test/main.go:8.12,10.2 1 0
test/main.go:12.27,13.13 1 1
test/main.go:13.13,15.5 1 1
test/main.go:15.9,17.5 1 1
test/main.go:20.44,25.18 4 1
test/main.go:30.4,31.14 2 1
test/main.go:25.18,29.5 3 1
